// Jest Snapshot v1, https://goo.gl/fbAQLP

exports[`SignUp Should match snapshot. 1`] = `
<div>
  <h1>
    Sign Up
  </h1>
   
  <form>
    <vuecomponent-stub
      name="first_name"
      placeholder="Joseph"
    />
     
    <div
      style="display: none;"
    >
      <validationmessage-stub />
       
      <!---->
    </div>
     
    <vuecomponent-stub
      name="last_name"
      placeholder="Bloggs"
    />
     
    <div
      style="display: none;"
    >
      <validationmessage-stub />
       
      <!---->
    </div>
     
    <vuecomponent-stub
      name="email"
      placeholder="joebloggs@example.com"
    />
     
    <div
      style="display: none;"
    >
      <validationmessage-stub />
       
      <!---->
    </div>
     
    <vuecomponent-stub
      name="username"
      placeholder="joe_bloggs"
    />
     
    <validationmessage-stub
      style="display: none;"
    />
     
    <vuecomponent-stub
      name="password"
      placeholder="Must have at least 5 characters."
      type="password"
    />
     
    <div
      style="display: none;"
    >
      <validationmessage-stub />
       
      <!---->
    </div>
     
    <vuecomponent-stub
      type="success"
    />
  </form>
</div>
`;

exports[`SignUp Should render a fullscreen spinner if the component is submitting. 1`] = `
<vuecomponent-stub
  fullscreen="true"
/>
`;
