// Jest Snapshot v1, https://goo.gl/fbAQLP

exports[`<PrimaryButton /> Should match snapshot. 1`] = `<button />`;

exports[`<PrimaryButton /> Should render a button element with the class of the type prop. 1`] = `
<button
  class="error"
/>
`;
