// Jest Snapshot v1, https://goo.gl/fbAQLP

exports[`SecondaryButton Should render a button element with the class of the type prop. 1`] = `
<button
  class="error"
/>
`;

exports[`SecondaryButton Should render a button element. 1`] = `<button />`;
